// Jest Snapshot v1, https://goo.gl/fbAQLP

exports[`DeltaAppBar should match the snapshot. 1`] = `
initialize {
  "0": Object {
    "attribs": Object {
      "class": "MuiPaper-root-11 MuiPaper-elevation4-17 MuiAppBar-root-2 MuiAppBar-positionFixed-3 MuiAppBar-colorPrimary-9 mui-fixed VectorList-appBar-1",
    },
    "children": Array [
      Object {
        "attribs": Object {
          "src": "[object Object]",
          "style": "align-self:center;justify-self:right;height:70%",
        },
        "children": Array [],
        "name": "img",
        "namespace": "http://www.w3.org/1999/xhtml",
        "next": Object {
          "attribs": Object {
            "class": "MuiTypography-root-38 MuiTypography-h4-53 MuiTypography-colorInherit-67",
            "style": "align-self:center",
          },
          "children": Array [
            Object {
              "data": "Delta",
              "next": null,
              "parent": [Circular],
              "prev": null,
              "type": "text",
            },
          ],
          "name": "h4",
          "namespace": "http://www.w3.org/1999/xhtml",
          "next": null,
          "parent": [Circular],
          "prev": [Circular],
          "type": "tag",
          "x-attribsNamespace": Object {
            "class": undefined,
            "style": undefined,
          },
          "x-attribsPrefix": Object {
            "class": undefined,
            "style": undefined,
          },
        },
        "parent": [Circular],
        "prev": null,
        "type": "tag",
        "x-attribsNamespace": Object {
          "src": undefined,
          "style": undefined,
        },
        "x-attribsPrefix": Object {
          "src": undefined,
          "style": undefined,
        },
      },
      Object {
        "attribs": Object {
          "class": "MuiTypography-root-38 MuiTypography-h4-53 MuiTypography-colorInherit-67",
          "style": "align-self:center",
        },
        "children": Array [
          Object {
            "data": "Delta",
            "next": null,
            "parent": [Circular],
            "prev": null,
            "type": "text",
          },
        ],
        "name": "h4",
        "namespace": "http://www.w3.org/1999/xhtml",
        "next": null,
        "parent": [Circular],
        "prev": Object {
          "attribs": Object {
            "src": "[object Object]",
            "style": "align-self:center;justify-self:right;height:70%",
          },
          "children": Array [],
          "name": "img",
          "namespace": "http://www.w3.org/1999/xhtml",
          "next": [Circular],
          "parent": [Circular],
          "prev": null,
          "type": "tag",
          "x-attribsNamespace": Object {
            "src": undefined,
            "style": undefined,
          },
          "x-attribsPrefix": Object {
            "src": undefined,
            "style": undefined,
          },
        },
        "type": "tag",
        "x-attribsNamespace": Object {
          "class": undefined,
          "style": undefined,
        },
        "x-attribsPrefix": Object {
          "class": undefined,
          "style": undefined,
        },
      },
    ],
    "name": "header",
    "namespace": "http://www.w3.org/1999/xhtml",
    "next": null,
    "parent": null,
    "prev": null,
    "root": Object {
      "attribs": Object {},
      "children": Array [
        [Circular],
      ],
      "name": "root",
      "namespace": "http://www.w3.org/1999/xhtml",
      "next": null,
      "parent": null,
      "prev": null,
      "type": "root",
      "x-attribsNamespace": Object {},
      "x-attribsPrefix": Object {},
    },
    "type": "tag",
    "x-attribsNamespace": Object {
      "class": undefined,
    },
    "x-attribsPrefix": Object {
      "class": undefined,
    },
  },
  "_root": [Circular],
  "length": 1,
  "options": Object {
    "decodeEntities": true,
    "normalizeWhitespace": false,
    "withDomLvl1": true,
    "xml": false,
  },
}
`;
